// Jest Snapshot v1, https://goo.gl/fbAQLP

exports[`Pruebas en el componente CounterApp Debe hacer match con el snapshot 1`] = `
<div>
  <h1>
    Counter App
  </h1>
  <h2
    data-testid="counter-test"
  >
    This is the counter Value : 
    10
  </h2>
  <div
    class="center"
  >
    <button
      class="btn-counter"
    >
      +1
    </button>
    <button
      class="btn-counter"
    >
      -1
    </button>
    <button
      arial-label="btn-reset"
      class="btn-counter"
    >
      RESET
    </button>
  </div>
</div>
`;
