// Jest Snapshot v1, https://goo.gl/fbAQLP

exports[`Pruebas en <EjercicioProps /> Debe hacer match con el snapshot 1`] = `
<div>
  <h1
    data-testid="test-tittle"
  >
    Hola mi nombre es 
    Gianluca
  </h1>
  <p
    data-testid="test-p"
  >
    Gianluca
  </p>
  <p>
    My favorite number is 
    8
  </p>
</div>
`;
